{"level":"info","message":"Logging test!","service":"pachingo","timestamp":"2026-01-10 13:09:30"}
{"level":"info","message":"MongoDB session connected","service":"pachingo","timestamp":"2026-01-10 13:16:36"}
{"level":"info","message":"MongoDB session connected","service":"pachingo","timestamp":"2026-01-10 13:25:59"}
{"level":"info","message":"MongoDB session connected","service":"pachingo","timestamp":"2026-01-10 13:26:56"}
{"level":"info","message":"Server running on port 3000","service":"pachingo","timestamp":"2026-01-10 13:31:19"}
{"level":"info","message":"MongoDB session connected","service":"pachingo","timestamp":"2026-01-10 13:31:19"}
{"level":"info","message":"Server running on Port 3000","service":"pachingo","timestamp":"2026-01-10 13:31:30"}
{"level":"info","message":"MongoDB session connected","service":"pachingo","timestamp":"2026-01-10 13:31:31"}
{"level":"info","message":"Server running on Port 3000","service":"pachingo","timestamp":"2026-01-10 13:35:33"}
{"level":"info","message":"MongoDB session connected","service":"pachingo","timestamp":"2026-01-10 13:35:33"}
{"level":"info","message":"New user test123 (test123@email.com) registered","service":"pachingo","timestamp":"2026-01-10 13:35:53"}
{"level":"info","message":"Server running on Port 3000","service":"pachingo","timestamp":"2026-01-10 13:38:50"}
{"level":"info","message":"MongoDB session connected","service":"pachingo","timestamp":"2026-01-10 13:38:50"}
{"level":"info","message":"Server running on Port 3000","service":"pachingo","timestamp":"2026-01-10 13:40:30"}
{"level":"info","message":"MongoDB session connected","service":"pachingo","timestamp":"2026-01-10 13:40:31"}
{"level":"info","message":"Server running on Port 3000","service":"pachingo","timestamp":"2026-01-10 13:41:22"}
{"level":"info","message":"MongoDB session connected","service":"pachingo","timestamp":"2026-01-10 13:41:23"}
{"level":"info","message":"Server running on Port 3000","service":"pachingo","timestamp":"2026-01-10 13:41:49"}
{"level":"info","message":"MongoDB session connected","service":"pachingo","timestamp":"2026-01-10 13:41:50"}
{"level":"info","message":"Server running on Port 3000","service":"pachingo","timestamp":"2026-01-10 13:43:17"}
{"level":"info","message":"SERVER: MongoDB session connected","service":"pachingo","timestamp":"2026-01-10 13:43:17"}
{"level":"info","message":"SERVER: Server running on Port 3000","service":"pachingo","timestamp":"2026-01-10 13:43:28"}
{"level":"info","message":"SERVER: MongoDB session connected","service":"pachingo","timestamp":"2026-01-10 13:43:28"}
{"level":"info","message":"SERVER: Server running on Port 3000","service":"pachingo","timestamp":"2026-01-10 13:44:05"}
{"level":"info","message":"SERVER: MongoDB session connected","service":"pachingo","timestamp":"2026-01-10 13:44:05"}
{"level":"info","message":"AUTH: User test123 (undefined) logged in","service":"pachingo","timestamp":"2026-01-10 13:44:39"}
{"level":"info","message":"SERVER: Server running on Port 3000","service":"pachingo","timestamp":"2026-01-10 13:46:07"}
{"level":"info","message":"SERVER: MongoDB session connected","service":"pachingo","timestamp":"2026-01-10 13:46:07"}
{"level":"info","message":"AUTH: User test123 (test123@email.com) logged in","service":"pachingo","timestamp":"2026-01-10 13:46:18"}
{"level":"info","message":"SERVER: Server running on Port 3000","service":"pachingo","timestamp":"2026-01-10 13:51:12"}
{"level":"info","message":"SERVER: MongoDB session connected","service":"pachingo","timestamp":"2026-01-10 13:51:13"}
{"level":"info","message":"SERVER: Server running on Port 3000","service":"pachingo","timestamp":"2026-01-10 13:52:10"}
{"level":"info","message":"SERVER: MongoDB session connected","service":"pachingo","timestamp":"2026-01-10 13:52:11"}
{"level":"info","message":"AUTH: User testUser (test@email.com) logged in","service":"pachingo","timestamp":"2026-01-10 13:52:18"}
{"level":"info","message":"SERVER: Server running on Port 3000","service":"pachingo","timestamp":"2026-01-10 13:57:40"}
{"level":"info","message":"SERVER: MongoDB session connected","service":"pachingo","timestamp":"2026-01-10 13:57:40"}
{"level":"info","message":"SERVER: Server running on Port 3000","service":"pachingo","timestamp":"2026-01-10 13:57:55"}
{"level":"info","message":"SERVER: MongoDB session connected","service":"pachingo","timestamp":"2026-01-10 13:57:55"}
{"level":"info","message":"AUTH: User testUser (test@email.com) logged in","service":"pachingo","timestamp":"2026-01-10 13:58:02"}
{"level":"info","message":"SERVER: Server running on Port 3000","service":"pachingo","timestamp":"2026-01-10 13:59:27"}
{"level":"info","message":"SERVER: MongoDB session connected","service":"pachingo","timestamp":"2026-01-10 13:59:27"}
{"level":"info","message":"SERVER: Server running on Port 3000","service":"pachingo","timestamp":"2026-01-10 13:59:37"}
{"level":"info","message":"SERVER: MongoDB session connected","service":"pachingo","timestamp":"2026-01-10 13:59:37"}
{"level":"info","message":"AUTH: User testUser (test@email.com) logged in","service":"pachingo","timestamp":"2026-01-10 14:00:27"}
{"level":"info","message":"SERVER: Server running on Port 3000","service":"pachingo","timestamp":"2026-01-10 14:02:28"}
{"level":"info","message":"SERVER: MongoDB session connected","service":"pachingo","timestamp":"2026-01-10 14:02:29"}
{"level":"info","message":"AUTH: User testUser (test@email.com) logged in","service":"pachingo","timestamp":"2026-01-10 14:02:35"}
{"level":"info","message":"AUTH: User test logged out","service":"pachingo","timestamp":"2026-01-10 14:02:45"}
{"level":"info","message":"AUTH: User testUser (test@email.com) logged in","service":"pachingo","timestamp":"2026-01-10 14:03:53"}
{"level":"info","message":"AUTH: User test logged out","service":"pachingo","timestamp":"2026-01-10 14:03:56"}
{"level":"info","message":"SERVER: Server running on Port 3000","service":"pachingo","timestamp":"2026-01-10 14:04:06"}
{"level":"info","message":"SERVER: MongoDB session connected","service":"pachingo","timestamp":"2026-01-10 14:04:07"}
{"level":"info","message":"AUTH: User testUser (test@email.com) logged in","service":"pachingo","timestamp":"2026-01-10 14:04:13"}
{"level":"info","message":"AUTH: User undefined logged out","service":"pachingo","timestamp":"2026-01-10 14:04:15"}
{"level":"info","message":"AUTH: User testUser (test@email.com) logged in","service":"pachingo","timestamp":"2026-01-10 14:06:16"}
{"level":"info","message":"SERVER: Server running on Port 3000","service":"pachingo","timestamp":"2026-01-10 14:07:40"}
{"level":"info","message":"SERVER: MongoDB session connected","service":"pachingo","timestamp":"2026-01-10 14:07:41"}
{"level":"info","message":"AUTH: User testUser (test@email.com) logged in","service":"pachingo","timestamp":"2026-01-10 14:09:08"}
{"level":"info","message":"SERVER: Server running on Port 3000","service":"pachingo","timestamp":"2026-01-10 14:09:43"}
{"level":"info","message":"SERVER: MongoDB session connected","service":"pachingo","timestamp":"2026-01-10 14:09:43"}
{"level":"info","message":"AUTH: User testUser (test@email.com) logged in","service":"pachingo","timestamp":"2026-01-10 14:09:54"}
{"level":"info","message":"SERVER: Server running on Port 3000","service":"pachingo","timestamp":"2026-01-10 14:10:26"}
{"level":"info","message":"SERVER: MongoDB session connected","service":"pachingo","timestamp":"2026-01-10 14:10:27"}
{"level":"info","message":"AUTH: User testUser (test@email.com) logged in","service":"pachingo","timestamp":"2026-01-10 14:10:35"}
{"level":"info","message":"SERVER: Server running on Port 3000","service":"pachingo","timestamp":"2026-01-10 14:13:48"}
{"level":"info","message":"SERVER: MongoDB session connected","service":"pachingo","timestamp":"2026-01-10 14:13:49"}
{"level":"info","message":"AUTH: User logged out","service":"pachingo","timestamp":"2026-01-10 14:13:52"}
{"level":"info","message":"SERVER: Server running on Port 3000","service":"pachingo","timestamp":"2026-01-10 14:14:46"}
{"level":"info","message":"SERVER: MongoDB session connected","service":"pachingo","timestamp":"2026-01-10 14:14:46"}
{"level":"info","message":"AUTH: User testUser (test@email.com) logged in","service":"pachingo","timestamp":"2026-01-10 14:14:52"}
{"level":"info","message":"SERVER: Server running on Port 3000","service":"pachingo","timestamp":"2026-01-10 14:15:25"}
{"level":"info","message":"SERVER: MongoDB session connected","service":"pachingo","timestamp":"2026-01-10 14:15:25"}
{"level":"info","message":"AUTH: User testUser (test@email.com) logged in","service":"pachingo","timestamp":"2026-01-10 14:15:32"}
{"level":"info","message":"SERVER: Server running on Port 3000","service":"pachingo","timestamp":"2026-01-10 14:16:21"}
{"level":"info","message":"SERVER: MongoDB session connected","service":"pachingo","timestamp":"2026-01-10 14:16:22"}
{"level":"info","message":"AUTH: User testUser (test@email.com) logged in","service":"pachingo","timestamp":"2026-01-10 14:16:27"}
{"level":"info","message":"AUTH: User undefined logged out","service":"pachingo","timestamp":"2026-01-10 14:16:30"}
{"level":"info","message":"SERVER: Server running on Port 3000","service":"pachingo","timestamp":"2026-01-10 14:16:57"}
{"level":"info","message":"SERVER: MongoDB session connected","service":"pachingo","timestamp":"2026-01-10 14:16:58"}
{"level":"info","message":"AUTH: User testUser (test@email.com) logged in","service":"pachingo","timestamp":"2026-01-10 14:20:45"}
{"level":"info","message":"AUTH: User testUser logged out","service":"pachingo","timestamp":"2026-01-10 14:21:01"}
{"level":"info","message":"SERVER: Server running on Port 3000","service":"pachingo","timestamp":"2026-01-10 14:21:45"}
{"level":"info","message":"SERVER: MongoDB session connected","service":"pachingo","timestamp":"2026-01-10 14:21:45"}
{"level":"info","message":"SERVER: Server running on Port 3000","service":"pachingo","timestamp":"2026-01-10 14:22:12"}
{"level":"info","message":"SERVER: MongoDB session connected","service":"pachingo","timestamp":"2026-01-10 14:22:12"}
{"level":"info","message":"SERVER: Server running on Port 3000","service":"pachingo","timestamp":"2026-01-10 14:27:25"}
{"level":"info","message":"SERVER: MongoDB session connected","service":"pachingo","timestamp":"2026-01-10 14:27:26"}
{"level":"info","message":"SERVER: Server running on Port 3000","service":"pachingo","timestamp":"2026-01-10 14:28:16"}
{"level":"info","message":"SERVER: MongoDB session connected","service":"pachingo","timestamp":"2026-01-10 14:28:16"}
{"level":"info","message":"SERVER: Server running on Port 3000","service":"pachingo","timestamp":"2026-01-10 14:28:31"}
{"level":"info","message":"SERVER: MongoDB session connected","service":"pachingo","timestamp":"2026-01-10 14:28:32"}
{"level":"info","message":"SERVER: Server running on Port 3000","service":"pachingo","timestamp":"2026-01-10 14:28:54"}
{"level":"info","message":"SERVER: MongoDB session connected","service":"pachingo","timestamp":"2026-01-10 14:28:55"}
{"level":"info","message":"SERVER: Server running on Port 3000","service":"pachingo","timestamp":"2026-01-10 14:29:10"}
{"level":"info","message":"SERVER: MongoDB session connected","service":"pachingo","timestamp":"2026-01-10 14:29:10"}
{"level":"info","message":"SERVER: Server running on Port 3000","service":"pachingo","timestamp":"2026-01-10 14:32:11"}
{"level":"info","message":"SERVER: MongoDB session connected","service":"pachingo","timestamp":"2026-01-10 14:32:11"}
{"level":"info","message":"AUTH: User testUser (test@email.com) logged in","service":"pachingo","timestamp":"2026-01-10 14:34:08"}
{"level":"info","message":"LEVEL: Level deleted: Redirect Test 4 by testUser (ID: 6)","service":"pachingo","timestamp":"2026-01-10 14:34:23"}
{"level":"info","message":"SERVER: Server running on Port 3000","service":"pachingo","timestamp":"2026-01-10 14:40:54"}
{"level":"info","message":"SERVER: MongoDB session connected","service":"pachingo","timestamp":"2026-01-10 14:40:55"}
{"level":"info","message":"SERVER: Server running on Port 3000","service":"pachingo","timestamp":"2026-01-10 14:43:04"}
{"level":"info","message":"SERVER: MongoDB session connected","service":"pachingo","timestamp":"2026-01-10 14:43:05"}
{"level":"info","message":"SERVER: Server running on Port 3000","service":"pachingo","timestamp":"2026-01-10 14:43:14"}
{"level":"info","message":"SERVER: MongoDB session connected","service":"pachingo","timestamp":"2026-01-10 14:43:14"}
{"level":"info","message":"SERVER: Server running on Port 3000","service":"pachingo","timestamp":"2026-01-10 14:46:51"}
{"level":"info","message":"SERVER: MongoDB session connected","service":"pachingo","timestamp":"2026-01-10 14:46:52"}
{"level":"info","message":"SERVER: Server running on Port 3000","service":"pachingo","timestamp":"2026-01-10 14:47:20"}
{"level":"info","message":"SERVER: MongoDB session connected","service":"pachingo","timestamp":"2026-01-10 14:47:20"}
{"level":"info","message":"SERVER: Server running on Port 3000","service":"pachingo","timestamp":"2026-01-10 14:47:39"}
{"level":"info","message":"SERVER: MongoDB session connected","service":"pachingo","timestamp":"2026-01-10 14:47:40"}
{"level":"info","message":"SERVER: Server running on Port 3000","service":"pachingo","timestamp":"2026-01-10 14:48:44"}
{"level":"info","message":"SERVER: MongoDB session connected","service":"pachingo","timestamp":"2026-01-10 14:48:44"}
{"level":"info","message":"SERVER: Server running on Port 3000","service":"pachingo","timestamp":"2026-01-10 14:50:31"}
{"level":"info","message":"SERVER: MongoDB session connected","service":"pachingo","timestamp":"2026-01-10 14:50:32"}
{"level":"info","message":"SERVER: Server running on Port 3000","service":"pachingo","timestamp":"2026-01-10 14:51:03"}
{"level":"info","message":"SERVER: MongoDB session connected","service":"pachingo","timestamp":"2026-01-10 14:51:03"}
{"level":"info","message":"SERVER: Server running on Port 3000","service":"pachingo","timestamp":"2026-01-10 14:51:12"}
{"level":"info","message":"SERVER: MongoDB session connected","service":"pachingo","timestamp":"2026-01-10 14:51:13"}
{"level":"info","message":"SERVER: Server running on Port 3000","service":"pachingo","timestamp":"2026-01-10 14:52:40"}
{"level":"info","message":"SERVER: MongoDB session connected","service":"pachingo","timestamp":"2026-01-10 14:52:40"}
{"level":"info","message":"SERVER: Server running on Port 3000","service":"pachingo","timestamp":"2026-01-10 14:54:12"}
{"level":"info","message":"SERVER: MongoDB session connected","service":"pachingo","timestamp":"2026-01-10 14:54:13"}
{"level":"info","message":"SERVER: Server running on Port 3000","service":"pachingo","timestamp":"2026-01-10 14:55:17"}
{"level":"info","message":"SERVER: MongoDB session connected","service":"pachingo","timestamp":"2026-01-10 14:55:17"}
{"level":"info","message":"SERVER: Server running on Port 3000","service":"pachingo","timestamp":"2026-01-10 14:55:48"}
{"level":"info","message":"SERVER: MongoDB session connected","service":"pachingo","timestamp":"2026-01-10 14:55:48"}
{"level":"info","message":"SERVER: Server running on Port 3000","service":"pachingo","timestamp":"2026-01-10 14:55:49"}
{"level":"info","message":"SERVER: MongoDB session connected","service":"pachingo","timestamp":"2026-01-10 14:55:49"}
{"level":"info","message":"LEVEL: Level deleted: Redirect Test 5 by testUser (ID: 7)","service":"pachingo","timestamp":"2026-01-10 14:56:00"}
{"level":"info","message":"SERVER: R2 command success: Delete media for level (ID: thumbnail/7.png)","service":"pachingo","timestamp":"2026-01-10 14:56:01"}
{"level":"info","message":"SERVER: R2 command success: Delete media for level (ID: bg-audio/7)","service":"pachingo","timestamp":"2026-01-10 14:56:01"}
{"level":"info","message":"SERVER: R2 command success: Delete media for level (ID: bg-image/7)","service":"pachingo","timestamp":"2026-01-10 14:56:01"}
{"level":"info","message":"SERVER: Server running on Port 3000","service":"pachingo","timestamp":"2026-01-10 14:56:45"}
{"level":"info","message":"SERVER: MongoDB session connected","service":"pachingo","timestamp":"2026-01-10 14:56:45"}
{"level":"info","message":"SERVER: Server running on Port 3000","service":"pachingo","timestamp":"2026-01-10 14:58:15"}
{"level":"info","message":"SERVER: MongoDB session connected","service":"pachingo","timestamp":"2026-01-10 14:58:15"}
{"level":"info","message":"SERVER: Server running on Port 3000","service":"pachingo","timestamp":"2026-01-10 14:59:35"}
{"level":"info","message":"SERVER: MongoDB session connected","service":"pachingo","timestamp":"2026-01-10 14:59:35"}
{"level":"info","message":"SERVER: Server running on Port 3000","service":"pachingo","timestamp":"2026-01-10 15:04:04"}
{"level":"info","message":"SERVER: MongoDB session connected","service":"pachingo","timestamp":"2026-01-10 15:04:04"}
{"level":"info","message":"SERVER: Server running on Port 3000","service":"pachingo","timestamp":"2026-01-10 15:07:17"}
{"level":"info","message":"SERVER: MongoDB session connected","service":"pachingo","timestamp":"2026-01-10 15:07:17"}
{"level":"info","message":"AUTH: User testUser logged out","service":"pachingo","timestamp":"2026-01-10 15:07:33"}
{"level":"info","message":"AUTH: User testUser (test@email.com) logged in","service":"pachingo","timestamp":"2026-01-10 15:07:37"}
{"level":"info","message":"SERVER: R2 command success: Upload bg-image for level (ID: 30)","service":"pachingo","timestamp":"2026-01-10 15:08:39"}
{"level":"info","message":"SERVER: Server running on Port 3000","service":"pachingo","timestamp":"2026-01-10 15:10:26"}
{"level":"info","message":"SERVER: MongoDB session connected","service":"pachingo","timestamp":"2026-01-10 15:10:26"}
{"level":"info","message":"SERVER: R2 command success: Upload bg-image for level (ID: 30)","service":"pachingo","timestamp":"2026-01-10 15:11:07"}
{"level":"info","message":"LEVEL: Thumbnail generated: Logging Test by testUser (ID: 30)","service":"pachingo","timestamp":"2026-01-10 15:11:08"}
{"level":"info","message":"SERVER: R2 command success: Upload thumbnail for level (ID: 30)","service":"pachingo","timestamp":"2026-01-10 15:11:09"}
{"level":"info","message":"SERVER: R2 command success: Upload bg-audio for level (ID: 30)","service":"pachingo","timestamp":"2026-01-10 15:11:10"}
{"level":"info","message":"LEVEL: Level successfully uploaded: Logging Test by testUser (ID: 30)","service":"pachingo","timestamp":"2026-01-10 15:11:10"}
{"level":"info","message":"SERVER: Server running on Port 3000","service":"pachingo","timestamp":"2026-01-10 15:25:23"}
{"level":"info","message":"SERVER: MongoDB session connected","service":"pachingo","timestamp":"2026-01-10 15:25:23"}
{"level":"info","message":"SERVER: Server running on Port 3000","service":"pachingo","timestamp":"2026-01-10 15:29:53"}
{"level":"info","message":"SERVER: MongoDB session connected","service":"pachingo","timestamp":"2026-01-10 15:29:54"}
{"level":"info","message":"SERVER: Server running on Port 3000","service":"pachingo","timestamp":"2026-01-10 15:30:45"}
{"level":"info","message":"SERVER: MongoDB session connected","service":"pachingo","timestamp":"2026-01-10 15:30:45"}
{"level":"info","message":"SERVER: Server running on Port 3000","service":"pachingo","timestamp":"2026-01-10 15:31:06"}
{"level":"info","message":"SERVER: MongoDB session connected","service":"pachingo","timestamp":"2026-01-10 15:31:06"}
{"level":"info","message":"SERVER: Server running on Port 3000","service":"pachingo","timestamp":"2026-01-10 15:31:49"}
{"level":"info","message":"SERVER: MongoDB session connected","service":"pachingo","timestamp":"2026-01-10 15:31:50"}
{"level":"info","message":"SERVER: Server running on Port 3000","service":"pachingo","timestamp":"2026-01-10 15:32:10"}
{"level":"info","message":"SERVER: MongoDB session connected","service":"pachingo","timestamp":"2026-01-10 15:32:10"}
{"level":"info","message":"SERVER: Server running on Port 3000","service":"pachingo","timestamp":"2026-01-10 15:32:51"}
{"level":"info","message":"SERVER: MongoDB session connected","service":"pachingo","timestamp":"2026-01-10 15:32:51"}
{"level":"info","message":"SERVER: Server running on Port 3000","service":"pachingo","timestamp":"2026-01-10 15:34:49"}
{"level":"info","message":"SERVER: MongoDB session connected","service":"pachingo","timestamp":"2026-01-10 15:34:49"}
{"level":"info","message":"SERVER: Server running on Port 3000","service":"pachingo","timestamp":"2026-01-10 15:35:28"}
{"level":"info","message":"SERVER: MongoDB session connected","service":"pachingo","timestamp":"2026-01-10 15:35:28"}
{"level":"info","message":"SERVER: Server running on Port 3000","service":"pachingo","timestamp":"2026-01-10 15:35:55"}
{"level":"info","message":"SERVER: MongoDB session connected","service":"pachingo","timestamp":"2026-01-10 15:35:55"}
{"level":"info","message":"SERVER: Server running on Port 3000","service":"pachingo","timestamp":"2026-01-10 15:36:10"}
{"level":"info","message":"SERVER: MongoDB session connected","service":"pachingo","timestamp":"2026-01-10 15:36:11"}
{"level":"info","message":"SERVER: Server running on Port 3000","service":"pachingo","timestamp":"2026-01-10 15:37:05"}
{"level":"info","message":"SERVER: MongoDB session connected","service":"pachingo","timestamp":"2026-01-10 15:37:05"}
{"level":"info","message":"SERVER: Server running on Port 3000","service":"pachingo","timestamp":"2026-01-10 15:37:19"}
{"level":"info","message":"SERVER: MongoDB session connected","service":"pachingo","timestamp":"2026-01-10 15:37:19"}
{"level":"error","message":"LEVEL: Level like error (ID: undefined): ValidationError: role: Path `role` is required., dateJoined: Path `dateJoined` is required.","service":"pachingo","timestamp":"2026-01-10 15:37:28"}
{"level":"info","message":"AUTH: User testUser logged out","service":"pachingo","timestamp":"2026-01-10 15:38:38"}
{"level":"info","message":"AUTH: User test123 (test123@email.com) logged in","service":"pachingo","timestamp":"2026-01-10 15:38:45"}
{"level":"info","message":"LEVEL: Like added to level: (User: test123, ID: undefined)","service":"pachingo","timestamp":"2026-01-10 15:38:48"}
{"level":"info","message":"SERVER: Server running on Port 3000","service":"pachingo","timestamp":"2026-01-10 15:41:12"}
{"level":"info","message":"SERVER: MongoDB session connected","service":"pachingo","timestamp":"2026-01-10 15:41:12"}
{"level":"info","message":"SERVER: Server running on Port 3000","service":"pachingo","timestamp":"2026-01-10 15:41:23"}
{"level":"info","message":"SERVER: MongoDB session connected","service":"pachingo","timestamp":"2026-01-10 15:41:23"}
{"level":"info","message":"LEVEL: Like removed from level: (User: test123, ID: 30)","service":"pachingo","timestamp":"2026-01-10 15:41:29"}
{"level":"info","message":"SERVER: Server running on Port 3000","service":"pachingo","timestamp":"2026-01-10 15:58:42"}
{"level":"info","message":"SERVER: MongoDB session connected","service":"pachingo","timestamp":"2026-01-10 15:58:42"}
{"level":"info","message":"SERVER: Server running on Port 3000","service":"pachingo","timestamp":"2026-01-10 16:04:45"}
{"level":"info","message":"SERVER: MongoDB session connected","service":"pachingo","timestamp":"2026-01-10 16:04:45"}
{"level":"info","message":"SERVER: Server running on Port 3000","service":"pachingo","timestamp":"2026-01-10 16:05:14"}
{"level":"info","message":"SERVER: MongoDB session connected","service":"pachingo","timestamp":"2026-01-10 16:05:14"}
{"level":"info","message":"SERVER: Server running on Port 3000","service":"pachingo","timestamp":"2026-01-10 16:05:18"}
{"level":"info","message":"SERVER: MongoDB session connected","service":"pachingo","timestamp":"2026-01-10 16:05:18"}
{"level":"info","message":"SERVER: Server running on Port 3000","service":"pachingo","timestamp":"2026-01-10 16:05:31"}
{"level":"info","message":"SERVER: MongoDB session connected","service":"pachingo","timestamp":"2026-01-10 16:05:31"}
{"level":"info","message":"SERVER: Server running on Port 3000","service":"pachingo","timestamp":"2026-01-10 16:09:12"}
{"level":"info","message":"SERVER: MongoDB session connected","service":"pachingo","timestamp":"2026-01-10 16:09:13"}
{"level":"info","message":"SERVER: Server running on Port 3000","service":"pachingo","timestamp":"2026-01-10 16:09:23"}
{"level":"info","message":"SERVER: MongoDB session connected","service":"pachingo","timestamp":"2026-01-10 16:09:23"}
{"level":"info","message":"SERVER: Server running on Port 3000","service":"pachingo","timestamp":"2026-01-10 16:09:53"}
{"level":"info","message":"SERVER: MongoDB session connected","service":"pachingo","timestamp":"2026-01-10 16:09:53"}
{"level":"info","message":"SERVER: Server running on Port 3000","service":"pachingo","timestamp":"2026-01-10 16:10:42"}
{"level":"info","message":"SERVER: MongoDB session connected","service":"pachingo","timestamp":"2026-01-10 16:10:43"}
{"level":"info","message":"SERVER: Server running on Port 3000","service":"pachingo","timestamp":"2026-01-10 16:11:58"}
{"level":"info","message":"SERVER: MongoDB session connected","service":"pachingo","timestamp":"2026-01-10 16:11:58"}
{"level":"info","message":"SERVER: Server running on Port 3000","service":"pachingo","timestamp":"2026-01-10 16:12:04"}
{"level":"info","message":"SERVER: MongoDB session connected","service":"pachingo","timestamp":"2026-01-10 16:12:05"}
{"level":"info","message":"SERVER: Server running on Port 3000","service":"pachingo","timestamp":"2026-01-10 16:12:37"}
{"level":"info","message":"SERVER: MongoDB session connected","service":"pachingo","timestamp":"2026-01-10 16:12:37"}
{"level":"info","message":"SERVER: Server running on Port 3000","service":"pachingo","timestamp":"2026-01-10 16:12:51"}
{"level":"info","message":"SERVER: MongoDB session connected","service":"pachingo","timestamp":"2026-01-10 16:12:51"}
{"level":"info","message":"SERVER: Server running on Port 3000","service":"pachingo","timestamp":"2026-01-10 16:13:53"}
{"level":"info","message":"SERVER: MongoDB session connected","service":"pachingo","timestamp":"2026-01-10 16:13:53"}
{"level":"info","message":"SERVER: Server running on Port 3000","service":"pachingo","timestamp":"2026-01-10 16:13:55"}
{"level":"info","message":"SERVER: MongoDB session connected","service":"pachingo","timestamp":"2026-01-10 16:13:55"}
{"level":"info","message":"SERVER: Server running on Port 3000","service":"pachingo","timestamp":"2026-01-10 16:15:07"}
{"level":"info","message":"SERVER: MongoDB session connected","service":"pachingo","timestamp":"2026-01-10 16:15:07"}
{"level":"info","message":"SERVER: Server running on Port 3000","service":"pachingo","timestamp":"2026-01-10 16:15:26"}
{"level":"info","message":"SERVER: MongoDB session connected","service":"pachingo","timestamp":"2026-01-10 16:15:26"}
{"level":"info","message":"SERVER: Server running on Port 3000","service":"pachingo","timestamp":"2026-01-10 16:15:58"}
{"level":"info","message":"SERVER: MongoDB session connected","service":"pachingo","timestamp":"2026-01-10 16:15:58"}
{"level":"info","message":"SERVER: Server running on Port 3000","service":"pachingo","timestamp":"2026-01-10 16:16:43"}
{"level":"info","message":"SERVER: MongoDB session connected","service":"pachingo","timestamp":"2026-01-10 16:16:44"}
{"level":"info","message":"SERVER: Server running on Port 3000","service":"pachingo","timestamp":"2026-01-10 16:17:35"}
{"level":"info","message":"SERVER: MongoDB session connected","service":"pachingo","timestamp":"2026-01-10 16:17:35"}
{"level":"info","message":"SERVER: Server running on Port 3000","service":"pachingo","timestamp":"2026-01-10 16:18:50"}
{"level":"info","message":"SERVER: MongoDB session connected","service":"pachingo","timestamp":"2026-01-10 16:18:50"}
{"level":"info","message":"SERVER: Server running on Port 3000","service":"pachingo","timestamp":"2026-01-10 16:19:20"}
{"level":"info","message":"SERVER: MongoDB session connected","service":"pachingo","timestamp":"2026-01-10 16:19:20"}
{"level":"info","message":"SERVER: Server running on Port 3000","service":"pachingo","timestamp":"2026-01-10 16:19:49"}
{"level":"info","message":"SERVER: MongoDB session connected","service":"pachingo","timestamp":"2026-01-10 16:19:49"}
{"level":"info","message":"SERVER: Server running on Port 3000","service":"pachingo","timestamp":"2026-01-10 16:20:01"}
{"level":"info","message":"SERVER: MongoDB session connected","service":"pachingo","timestamp":"2026-01-10 16:20:02"}
{"level":"info","message":"SERVER: Server running on Port 3000","service":"pachingo","timestamp":"2026-01-10 16:22:29"}
{"level":"info","message":"SERVER: MongoDB session connected","service":"pachingo","timestamp":"2026-01-10 16:22:30"}
{"level":"info","message":"SERVER: Server running on Port 3000","service":"pachingo","timestamp":"2026-01-10 16:23:46"}
{"level":"info","message":"SERVER: MongoDB session connected","service":"pachingo","timestamp":"2026-01-10 16:23:47"}
{"level":"info","message":"SERVER: Server running on Port 3000","service":"pachingo","timestamp":"2026-01-10 16:24:26"}
{"level":"info","message":"SERVER: MongoDB session connected","service":"pachingo","timestamp":"2026-01-10 16:24:27"}
{"level":"info","message":"SERVER: Server running on Port 3000","service":"pachingo","timestamp":"2026-01-10 16:25:03"}
{"level":"info","message":"SERVER: MongoDB session connected","service":"pachingo","timestamp":"2026-01-10 16:25:03"}
{"level":"info","message":"SERVER: Server running on Port 3000","service":"pachingo","timestamp":"2026-01-10 16:25:28"}
{"level":"info","message":"SERVER: MongoDB session connected","service":"pachingo","timestamp":"2026-01-10 16:25:28"}
{"level":"info","message":"SERVER: Server running on Port 3000","service":"pachingo","timestamp":"2026-01-10 16:25:40"}
{"level":"info","message":"SERVER: MongoDB session connected","service":"pachingo","timestamp":"2026-01-10 16:25:40"}
{"level":"info","message":"SERVER: Server running on Port 3000","service":"pachingo","timestamp":"2026-01-10 16:26:11"}
{"level":"info","message":"SERVER: MongoDB session connected","service":"pachingo","timestamp":"2026-01-10 16:26:12"}
{"level":"info","message":"SERVER: Server running on Port 3000","service":"pachingo","timestamp":"2026-01-10 16:26:28"}
{"level":"info","message":"SERVER: MongoDB session connected","service":"pachingo","timestamp":"2026-01-10 16:26:28"}
{"level":"info","message":"USER: User retrieved (Username: test123)","service":"pachingo","timestamp":"2026-01-10 16:27:33"}
{"level":"info","message":"SEARCH: Most recent levels retrieved","service":"pachingo","timestamp":"2026-01-10 16:27:33"}
{"level":"info","message":"SEARCH: Most recent levels retrieved","service":"pachingo","timestamp":"2026-01-10 16:27:33"}
{"level":"info","message":"USER: User retrieved (Username: test123)","service":"pachingo","timestamp":"2026-01-10 16:27:33"}
{"level":"info","message":"AUTH: User test123 logged out","service":"pachingo","timestamp":"2026-01-10 16:27:34"}
{"level":"info","message":"AUTH: User test123 (test123@email.com) logged in","service":"pachingo","timestamp":"2026-01-10 16:27:43"}
{"level":"info","message":"USER: User retrieved (Username: test123)","service":"pachingo","timestamp":"2026-01-10 16:27:43"}
{"level":"info","message":"SEARCH: Most recent levels retrieved","service":"pachingo","timestamp":"2026-01-10 16:27:45"}
{"level":"info","message":"USER: User liked levels retrieved (Username: test123)","service":"pachingo","timestamp":"2026-01-10 16:27:48"}
{"level":"info","message":"USER: User liked levels retrieved (Username: test123)","service":"pachingo","timestamp":"2026-01-10 16:27:48"}
{"level":"info","message":"USER: User liked levels retrieved (Username: test123)","service":"pachingo","timestamp":"2026-01-10 16:27:48"}
{"level":"info","message":"USER: User liked levels retrieved (Username: test123)","service":"pachingo","timestamp":"2026-01-10 16:27:48"}
{"level":"info","message":"LEVEL: Level successfully loaded: (ID: 30)","service":"pachingo","timestamp":"2026-01-10 16:27:49"}
{"level":"info","message":"LEVEL: Level successfully loaded: (ID: 30)","service":"pachingo","timestamp":"2026-01-10 16:27:49"}
{"level":"info","message":"LEVEL: Play added to level: (ID: undefined)","service":"pachingo","timestamp":"2026-01-10 16:27:49"}
{"level":"info","message":"LEVEL: Play added to level: (ID: undefined)","service":"pachingo","timestamp":"2026-01-10 16:27:49"}
{"level":"info","message":"LEVEL: Level successfully loaded: (ID: 30)","service":"pachingo","timestamp":"2026-01-10 16:27:50"}
{"level":"info","message":"LEVEL: Level successfully loaded: (ID: 30)","service":"pachingo","timestamp":"2026-01-10 16:27:50"}
{"level":"info","message":"LEVEL: Level successfully loaded: (ID: 30)","service":"pachingo","timestamp":"2026-01-10 16:27:51"}
{"level":"info","message":"LEVEL: Level successfully loaded: (ID: 30)","service":"pachingo","timestamp":"2026-01-10 16:27:51"}
{"level":"info","message":"USER: User retrieved (Username: test123)","service":"pachingo","timestamp":"2026-01-10 16:27:51"}
{"level":"info","message":"USER: User retrieved (Username: test123)","service":"pachingo","timestamp":"2026-01-10 16:27:51"}
{"level":"info","message":"LEVEL: Play added to level: (ID: undefined)","service":"pachingo","timestamp":"2026-01-10 16:27:51"}
{"level":"info","message":"LEVEL: Play added to level: (ID: undefined)","service":"pachingo","timestamp":"2026-01-10 16:27:51"}
{"level":"info","message":"LEVEL: Level successfully loaded: (ID: 30)","service":"pachingo","timestamp":"2026-01-10 16:27:52"}
{"level":"info","message":"LEVEL: Level successfully loaded: (ID: 30)","service":"pachingo","timestamp":"2026-01-10 16:27:52"}
{"level":"info","message":"SEARCH: Most recent levels retrieved","service":"pachingo","timestamp":"2026-01-10 16:28:01"}
{"level":"info","message":"SEARCH: Most played levels retrieved","service":"pachingo","timestamp":"2026-01-10 16:28:03"}
{"level":"info","message":"SERVER: Server running on Port 3000","service":"pachingo","timestamp":"2026-01-10 16:28:48"}
{"level":"info","message":"SERVER: MongoDB session connected","service":"pachingo","timestamp":"2026-01-10 16:28:48"}
{"level":"info","message":"USER: User liked levels retrieved (Username: test123)","service":"pachingo","timestamp":"2026-01-10 16:29:15"}
{"level":"info","message":"USER: User liked levels retrieved (Username: test123)","service":"pachingo","timestamp":"2026-01-10 16:29:15"}
{"level":"info","message":"USER: User liked levels retrieved (Username: test123)","service":"pachingo","timestamp":"2026-01-10 16:29:15"}
{"level":"info","message":"USER: User liked levels retrieved (Username: test123)","service":"pachingo","timestamp":"2026-01-10 16:29:15"}
{"level":"info","message":"USER: User liked levels retrieved (Username: test123)","service":"pachingo","timestamp":"2026-01-10 16:29:16"}
{"level":"info","message":"USER: User liked levels retrieved (Username: test123)","service":"pachingo","timestamp":"2026-01-10 16:29:16"}
{"level":"info","message":"USER: User liked levels retrieved (Username: test123)","service":"pachingo","timestamp":"2026-01-10 16:29:16"}
{"level":"info","message":"USER: User liked levels retrieved (Username: test123)","service":"pachingo","timestamp":"2026-01-10 16:29:16"}
{"level":"info","message":"LEVEL: Level successfully loaded: (ID: 30)","service":"pachingo","timestamp":"2026-01-10 16:29:16"}
{"level":"info","message":"LEVEL: Level successfully loaded: (ID: 30)","service":"pachingo","timestamp":"2026-01-10 16:29:16"}
{"level":"info","message":"LEVEL: Play added to level: (ID: 30)","service":"pachingo","timestamp":"2026-01-10 16:29:16"}
{"level":"info","message":"LEVEL: Play added to level: (ID: 30)","service":"pachingo","timestamp":"2026-01-10 16:29:16"}
{"level":"info","message":"LEVEL: Level successfully loaded: (ID: 30)","service":"pachingo","timestamp":"2026-01-10 16:29:17"}
{"level":"info","message":"LEVEL: Level successfully loaded: (ID: 30)","service":"pachingo","timestamp":"2026-01-10 16:29:18"}
{"level":"info","message":"SEARCH: Most played levels retrieved","service":"pachingo","timestamp":"2026-01-10 16:29:19"}
{"level":"info","message":"SEARCH: Most recent levels retrieved","service":"pachingo","timestamp":"2026-01-10 16:29:19"}
{"level":"info","message":"SEARCH: Most played levels retrieved","service":"pachingo","timestamp":"2026-01-10 16:29:19"}
{"level":"info","message":"SERVER: Server running on Port 3000","service":"pachingo","timestamp":"2026-01-10 17:30:38"}
{"level":"info","message":"SERVER: MongoDB session connected","service":"pachingo","timestamp":"2026-01-10 17:30:39"}
{"level":"info","message":"SEARCH: Most recent levels retrieved","service":"pachingo","timestamp":"2026-01-10 17:30:47"}
{"level":"info","message":"SEARCH: Most recent levels retrieved","service":"pachingo","timestamp":"2026-01-10 17:30:47"}
{"level":"info","message":"AUTH: User test123 (test123@email.com) logged in","service":"pachingo","timestamp":"2026-01-10 17:31:05"}
{"level":"info","message":"USER: User retrieved (Username: test123)","service":"pachingo","timestamp":"2026-01-10 17:31:06"}
{"level":"info","message":"USER: User retrieved (Username: test123)","service":"pachingo","timestamp":"2026-01-10 17:34:02"}
{"level":"info","message":"USER: User retrieved (Username: test123)","service":"pachingo","timestamp":"2026-01-10 17:34:02"}
{"level":"info","message":"USER: User retrieved (Username: test123)","service":"pachingo","timestamp":"2026-01-10 17:34:12"}
{"level":"info","message":"USER: User retrieved (Username: test123)","service":"pachingo","timestamp":"2026-01-10 17:34:12"}
